// Jest Snapshot v1, https://goo.gl/fbAQLP

exports[`should  1`] = `
<div>
  <h1>
    DcScreen
  </h1>
  <hr />
  <HeroList
    publisher="DC Comics"
  />
</div>
`;
