// Jest Snapshot v1, https://goo.gl/fbAQLP

exports[`Should to show (Snapshot)  1`] = `
<div
  className="container mt-5"
>
  <h1>
    Login
  </h1>
  <hr />
  <input
    className="form-control"
    onChange={[Function]}
    placeholder="Ingrese aquÃ­ su nombre"
    type="text"
    value=""
  />
  <br />
  <br />
  <button
    className="btn btn-primary"
    onClick={[Function]}
  >
    Login
  </button>
</div>
`;
